// Jest Snapshot v1, https://goo.gl/fbAQLP

exports[`<Accordion /> opens and closes the <Accordion /> component 1`] = `
<div
  class="accordion__Container-sc-1hhg575-0 krsnfW"
>
  <div
    class="accordion__Inner-sc-1hhg575-1 dllODN"
  >
     
    <h1
      class="accordion__Title-sc-1hhg575-6 cMvUBE"
    >
       
      Frequently Asked Questions
       
    </h1>
    <div
      class="accordion__Frame-sc-1hhg575-5 ejbdEn"
    >
       
      <div
        class="accordion__Item-sc-1hhg575-2 iDBraf"
      >
         
        <div
          class="accordion__Header-sc-1hhg575-3 jgeRsp"
        >
          What is Netflix?
          <img
            alt="Open"
            src="/images/icons/add.png"
          />
        </div>
         
      </div>
      <div
        class="accordion__Item-sc-1hhg575-2 iDBraf"
      >
         
        <div
          class="accordion__Header-sc-1hhg575-3 jgeRsp"
        >
          How much does Netflix cost?
          <img
            alt="Open"
            src="/images/icons/add.png"
          />
        </div>
         
      </div>
      <div
        class="accordion__Item-sc-1hhg575-2 iDBraf"
      >
         
        <div
          class="accordion__Header-sc-1hhg575-3 jgeRsp"
        >
          Where can I watch?
          <img
            alt="Open"
            src="/images/icons/add.png"
          />
        </div>
         
      </div>
      <div
        class="accordion__Item-sc-1hhg575-2 iDBraf"
      >
         
        <div
          class="accordion__Header-sc-1hhg575-3 jgeRsp"
        >
          How do I cancel?
          <img
            alt="Open"
            src="/images/icons/add.png"
          />
        </div>
         
      </div>
      <div
        class="accordion__Item-sc-1hhg575-2 iDBraf"
      >
         
        <div
          class="accordion__Header-sc-1hhg575-3 jgeRsp"
        >
          What can I watch on Netflix?
          <img
            alt="Open"
            src="/images/icons/add.png"
          />
        </div>
         
      </div>
       
    </div>
     
  </div>
</div>
`;

exports[`<Accordion /> renders the <Accordion /> with populated data 1`] = `
<div
  class="accordion__Container-sc-1hhg575-0 krsnfW"
>
  <div
    class="accordion__Inner-sc-1hhg575-1 dllODN"
  >
     
    <h1
      class="accordion__Title-sc-1hhg575-6 cMvUBE"
    >
       
      Frequently Asked Questions
       
    </h1>
    <div
      class="accordion__Frame-sc-1hhg575-5 ejbdEn"
    >
       
      <div
        class="accordion__Item-sc-1hhg575-2 iDBraf"
      >
         
        <div
          class="accordion__Header-sc-1hhg575-3 jgeRsp"
        >
          What is Netflix?
          <img
            alt="Open"
            src="/images/icons/add.png"
          />
        </div>
         
      </div>
      <div
        class="accordion__Item-sc-1hhg575-2 iDBraf"
      >
         
        <div
          class="accordion__Header-sc-1hhg575-3 jgeRsp"
        >
          How much does Netflix cost?
          <img
            alt="Open"
            src="/images/icons/add.png"
          />
        </div>
         
      </div>
      <div
        class="accordion__Item-sc-1hhg575-2 iDBraf"
      >
         
        <div
          class="accordion__Header-sc-1hhg575-3 jgeRsp"
        >
          Where can I watch?
          <img
            alt="Open"
            src="/images/icons/add.png"
          />
        </div>
         
      </div>
      <div
        class="accordion__Item-sc-1hhg575-2 iDBraf"
      >
         
        <div
          class="accordion__Header-sc-1hhg575-3 jgeRsp"
        >
          How do I cancel?
          <img
            alt="Open"
            src="/images/icons/add.png"
          />
        </div>
         
      </div>
      <div
        class="accordion__Item-sc-1hhg575-2 iDBraf"
      >
         
        <div
          class="accordion__Header-sc-1hhg575-3 jgeRsp"
        >
          What can I watch on Netflix?
          <img
            alt="Open"
            src="/images/icons/add.png"
          />
        </div>
         
      </div>
       
    </div>
     
  </div>
</div>
`;
